2025-01-27 19:43:05,482 [Worker-4: Loading available Gradle versions] INFO  o.e.b.c.i.u.g.PublishedGradleVersions - Gradle version information cache is up-to-date. Trying to read.
2025-01-27 19:43:43,436 [Worker-20: Building] INFO  o.e.m.c.i.l.LifecycleMappingFactory - Using org.eclipse.m2e.jdt.JarLifecycleMapping lifecycle mapping for MavenProject: HybrideFramework_Jan2025:HybrideFramework_Jan2025:0.0.1-SNAPSHOT @ C:\Users\Siva\eclipse-workspace\JalaProject_jan2025_batch_7.20pm\pom.xml.
2025-01-27 19:43:43,436 [Worker-32: Updating Maven Dependencies] INFO  o.e.m.c.i.l.LifecycleMappingFactory - Using org.eclipse.m2e.jdt.JarLifecycleMapping lifecycle mapping for MavenProject: HybrideFramework_Jan2025:HybrideFramework_Jan2025:0.0.1-SNAPSHOT @ C:\Users\Siva\eclipse-workspace\JalaProject_jan2025_batch_7.20pm\pom.xml.
2025-01-27 19:43:45,251 [Worker-20: Building] WARN  o.a.m.s.f.DefaultMavenResourcesFiltering - Using platform encoding (UTF-8 actually) to copy filtered resources, i.e. build is platform dependent!
2025-01-27 19:43:45,252 [Worker-20: Building] INFO  o.a.m.s.f.DefaultMavenResourcesFiltering - skip non existing resourceDirectory C:\Users\Siva\eclipse-workspace\JalaProject_jan2025_batch_7.20pm\src\main\resources
2025-01-27 19:43:45,260 [Worker-20: Building] WARN  o.a.m.s.f.DefaultMavenResourcesFiltering - Using platform encoding (UTF-8 actually) to copy filtered resources, i.e. build is platform dependent!
2025-01-27 19:43:45,261 [Worker-20: Building] INFO  o.a.m.s.f.DefaultMavenResourcesFiltering - skip non existing resourceDirectory C:\Users\Siva\eclipse-workspace\JalaProject_jan2025_batch_7.20pm\src\test\resources
2025-01-27 19:43:46,822 [Worker-16: Updating Maven Dependencies] INFO  o.e.m.c.i.l.LifecycleMappingFactory - Using org.eclipse.m2e.jdt.JarLifecycleMapping lifecycle mapping for MavenProject: HybrideFramework_Jan2025:HybrideFramework_Jan2025:0.0.1-SNAPSHOT @ C:\Users\Siva\eclipse-workspace\JalaProject_jan2025_batch_7.20pm\pom.xml.
2025-01-27 19:43:46,901 [Worker-22: Building] WARN  o.a.m.s.f.DefaultMavenResourcesFiltering - Using platform encoding (UTF-8 actually) to copy filtered resources, i.e. build is platform dependent!
2025-01-27 19:43:46,902 [Worker-22: Building] INFO  o.a.m.s.f.DefaultMavenResourcesFiltering - skip non existing resourceDirectory C:\Users\Siva\eclipse-workspace\JalaProject_jan2025_batch_7.20pm\src\main\resources
2025-01-27 19:43:46,910 [Worker-22: Building] WARN  o.a.m.s.f.DefaultMavenResourcesFiltering - Using platform encoding (UTF-8 actually) to copy filtered resources, i.e. build is platform dependent!
2025-01-27 19:43:46,911 [Worker-22: Building] INFO  o.a.m.s.f.DefaultMavenResourcesFiltering - skip non existing resourceDirectory C:\Users\Siva\eclipse-workspace\JalaProject_jan2025_batch_7.20pm\src\test\resources
2025-01-27 19:43:48,792 [Worker-19: Building] WARN  o.a.m.s.f.DefaultMavenResourcesFiltering - Using platform encoding (UTF-8 actually) to copy filtered resources, i.e. build is platform dependent!
2025-01-27 19:43:48,793 [Worker-19: Building] INFO  o.a.m.s.f.DefaultMavenResourcesFiltering - skip non existing resourceDirectory C:\Users\Siva\eclipse-workspace\JalaProject_jan2025_batch_7.20pm\src\main\resources
2025-01-27 19:43:48,797 [Worker-19: Building] WARN  o.a.m.s.f.DefaultMavenResourcesFiltering - Using platform encoding (UTF-8 actually) to copy filtered resources, i.e. build is platform dependent!
2025-01-27 19:43:48,798 [Worker-19: Building] INFO  o.a.m.s.f.DefaultMavenResourcesFiltering - skip non existing resourceDirectory C:\Users\Siva\eclipse-workspace\JalaProject_jan2025_batch_7.20pm\src\test\resources
2025-01-27 19:44:42,412 [Worker-26: Building] INFO  o.e.m.c.i.l.LifecycleMappingFactory - Using org.eclipse.m2e.jdt.JarLifecycleMapping lifecycle mapping for MavenProject: HybrideFramework_Jan2025:HybrideFramework_Jan2025:0.0.1-SNAPSHOT @ C:\Users\Siva\eclipse-workspace\JalaProject_jan2025_batch_7.20pm\pom.xml.
2025-01-27 19:44:42,827 [Worker-26: Building] WARN  o.a.m.s.f.DefaultMavenResourcesFiltering - Using platform encoding (UTF-8 actually) to copy filtered resources, i.e. build is platform dependent!
2025-01-27 19:44:42,828 [Worker-26: Building] INFO  o.a.m.s.f.DefaultMavenResourcesFiltering - skip non existing resourceDirectory C:\Users\Siva\eclipse-workspace\JalaProject_jan2025_batch_7.20pm\src\main\resources
2025-01-27 19:44:42,831 [Worker-26: Building] WARN  o.a.m.s.f.DefaultMavenResourcesFiltering - Using platform encoding (UTF-8 actually) to copy filtered resources, i.e. build is platform dependent!
2025-01-27 19:44:42,832 [Worker-26: Building] INFO  o.a.m.s.f.DefaultMavenResourcesFiltering - skip non existing resourceDirectory C:\Users\Siva\eclipse-workspace\JalaProject_jan2025_batch_7.20pm\src\test\resources
2025-01-27 19:44:44,337 [Worker-12: Building] WARN  o.a.m.s.f.DefaultMavenResourcesFiltering - Using platform encoding (UTF-8 actually) to copy filtered resources, i.e. build is platform dependent!
2025-01-27 19:44:44,338 [Worker-12: Building] INFO  o.a.m.s.f.DefaultMavenResourcesFiltering - skip non existing resourceDirectory C:\Users\Siva\eclipse-workspace\JalaProject_jan2025_batch_7.20pm\src\main\resources
2025-01-27 19:44:44,341 [Worker-12: Building] WARN  o.a.m.s.f.DefaultMavenResourcesFiltering - Using platform encoding (UTF-8 actually) to copy filtered resources, i.e. build is platform dependent!
2025-01-27 19:44:44,342 [Worker-12: Building] INFO  o.a.m.s.f.DefaultMavenResourcesFiltering - skip non existing resourceDirectory C:\Users\Siva\eclipse-workspace\JalaProject_jan2025_batch_7.20pm\src\test\resources
2025-01-27 19:46:13,239 [Worker-32: Building] WARN  o.a.m.s.f.DefaultMavenResourcesFiltering - Using platform encoding (UTF-8 actually) to copy filtered resources, i.e. build is platform dependent!
2025-01-27 19:46:13,240 [Worker-32: Building] INFO  o.a.m.s.f.DefaultMavenResourcesFiltering - skip non existing resourceDirectory C:\Users\Siva\eclipse-workspace\JalaProject_jan2025_batch_7.20pm\src\main\resources
2025-01-27 19:46:13,241 [Worker-32: Building] WARN  o.a.m.s.f.DefaultMavenResourcesFiltering - Using platform encoding (UTF-8 actually) to copy filtered resources, i.e. build is platform dependent!
2025-01-27 19:46:13,242 [Worker-32: Building] INFO  o.a.m.s.f.DefaultMavenResourcesFiltering - skip non existing resourceDirectory C:\Users\Siva\eclipse-workspace\JalaProject_jan2025_batch_7.20pm\src\test\resources
2025-01-27 19:47:06,412 [Worker-16: Building] WARN  o.a.m.s.f.DefaultMavenResourcesFiltering - Using platform encoding (UTF-8 actually) to copy filtered resources, i.e. build is platform dependent!
2025-01-27 19:47:06,417 [Worker-16: Building] INFO  o.a.m.s.f.DefaultMavenResourcesFiltering - skip non existing resourceDirectory C:\Users\Siva\eclipse-workspace\JalaProject_jan2025_batch_7.20pm\src\main\resources
2025-01-27 19:47:06,422 [Worker-16: Building] WARN  o.a.m.s.f.DefaultMavenResourcesFiltering - Using platform encoding (UTF-8 actually) to copy filtered resources, i.e. build is platform dependent!
2025-01-27 19:47:06,424 [Worker-16: Building] INFO  o.a.m.s.f.DefaultMavenResourcesFiltering - skip non existing resourceDirectory C:\Users\Siva\eclipse-workspace\JalaProject_jan2025_batch_7.20pm\src\test\resources
2025-01-27 19:47:38,303 [Worker-19: Building] WARN  o.a.m.s.f.DefaultMavenResourcesFiltering - Using platform encoding (UTF-8 actually) to copy filtered resources, i.e. build is platform dependent!
2025-01-27 19:47:38,307 [Worker-19: Building] INFO  o.a.m.s.f.DefaultMavenResourcesFiltering - skip non existing resourceDirectory C:\Users\Siva\eclipse-workspace\JalaProject_jan2025_batch_7.20pm\src\main\resources
2025-01-27 19:47:38,312 [Worker-19: Building] WARN  o.a.m.s.f.DefaultMavenResourcesFiltering - Using platform encoding (UTF-8 actually) to copy filtered resources, i.e. build is platform dependent!
2025-01-27 19:47:38,313 [Worker-19: Building] INFO  o.a.m.s.f.DefaultMavenResourcesFiltering - skip non existing resourceDirectory C:\Users\Siva\eclipse-workspace\JalaProject_jan2025_batch_7.20pm\src\test\resources
2025-01-27 19:48:22,481 [Worker-18: Building] WARN  o.a.m.s.f.DefaultMavenResourcesFiltering - Using platform encoding (UTF-8 actually) to copy filtered resources, i.e. build is platform dependent!
2025-01-27 19:48:22,483 [Worker-18: Building] INFO  o.a.m.s.f.DefaultMavenResourcesFiltering - skip non existing resourceDirectory C:\Users\Siva\eclipse-workspace\JalaProject_jan2025_batch_7.20pm\src\main\resources
2025-01-27 19:48:22,487 [Worker-18: Building] WARN  o.a.m.s.f.DefaultMavenResourcesFiltering - Using platform encoding (UTF-8 actually) to copy filtered resources, i.e. build is platform dependent!
2025-01-27 19:48:22,487 [Worker-18: Building] INFO  o.a.m.s.f.DefaultMavenResourcesFiltering - skip non existing resourceDirectory C:\Users\Siva\eclipse-workspace\JalaProject_jan2025_batch_7.20pm\src\test\resources
2025-01-27 19:50:33,703 [Worker-24: Building] WARN  o.a.m.s.f.DefaultMavenResourcesFiltering - Using platform encoding (UTF-8 actually) to copy filtered resources, i.e. build is platform dependent!
2025-01-27 19:50:33,707 [Worker-24: Building] INFO  o.a.m.s.f.DefaultMavenResourcesFiltering - skip non existing resourceDirectory C:\Users\Siva\eclipse-workspace\JalaProject_jan2025_batch_7.20pm\src\main\resources
2025-01-27 19:50:33,712 [Worker-24: Building] WARN  o.a.m.s.f.DefaultMavenResourcesFiltering - Using platform encoding (UTF-8 actually) to copy filtered resources, i.e. build is platform dependent!
2025-01-27 19:50:33,714 [Worker-24: Building] INFO  o.a.m.s.f.DefaultMavenResourcesFiltering - skip non existing resourceDirectory C:\Users\Siva\eclipse-workspace\JalaProject_jan2025_batch_7.20pm\src\test\resources
2025-01-27 19:51:07,037 [Worker-33: Building] WARN  o.a.m.s.f.DefaultMavenResourcesFiltering - Using platform encoding (UTF-8 actually) to copy filtered resources, i.e. build is platform dependent!
2025-01-27 19:51:07,038 [Worker-33: Building] INFO  o.a.m.s.f.DefaultMavenResourcesFiltering - skip non existing resourceDirectory C:\Users\Siva\eclipse-workspace\JalaProject_jan2025_batch_7.20pm\src\main\resources
2025-01-27 19:51:07,042 [Worker-33: Building] WARN  o.a.m.s.f.DefaultMavenResourcesFiltering - Using platform encoding (UTF-8 actually) to copy filtered resources, i.e. build is platform dependent!
2025-01-27 19:51:07,043 [Worker-33: Building] INFO  o.a.m.s.f.DefaultMavenResourcesFiltering - skip non existing resourceDirectory C:\Users\Siva\eclipse-workspace\JalaProject_jan2025_batch_7.20pm\src\test\resources
2025-01-27 19:51:22,168 [Worker-10: Building] WARN  o.a.m.s.f.DefaultMavenResourcesFiltering - Using platform encoding (UTF-8 actually) to copy filtered resources, i.e. build is platform dependent!
2025-01-27 19:51:22,172 [Worker-10: Building] INFO  o.a.m.s.f.DefaultMavenResourcesFiltering - skip non existing resourceDirectory C:\Users\Siva\eclipse-workspace\JalaProject_jan2025_batch_7.20pm\src\main\resources
2025-01-27 19:51:22,175 [Worker-10: Building] WARN  o.a.m.s.f.DefaultMavenResourcesFiltering - Using platform encoding (UTF-8 actually) to copy filtered resources, i.e. build is platform dependent!
2025-01-27 19:51:22,176 [Worker-10: Building] INFO  o.a.m.s.f.DefaultMavenResourcesFiltering - skip non existing resourceDirectory C:\Users\Siva\eclipse-workspace\JalaProject_jan2025_batch_7.20pm\src\test\resources
2025-01-27 21:04:23,569 [Worker-35: Building] WARN  o.a.m.s.f.DefaultMavenResourcesFiltering - Using platform encoding (UTF-8 actually) to copy filtered resources, i.e. build is platform dependent!
2025-01-27 21:04:23,609 [Worker-35: Building] INFO  o.a.m.s.f.DefaultMavenResourcesFiltering - skip non existing resourceDirectory C:\Users\Siva\eclipse-workspace\JalaProject_jan2025_batch_7.20pm\src\main\resources
2025-01-27 21:04:23,614 [Worker-35: Building] WARN  o.a.m.s.f.DefaultMavenResourcesFiltering - Using platform encoding (UTF-8 actually) to copy filtered resources, i.e. build is platform dependent!
2025-01-27 21:04:23,615 [Worker-35: Building] INFO  o.a.m.s.f.DefaultMavenResourcesFiltering - skip non existing resourceDirectory C:\Users\Siva\eclipse-workspace\JalaProject_jan2025_batch_7.20pm\src\test\resources
2025-01-27 21:05:56,367 [Worker-6: Loading available Gradle versions] INFO  o.e.b.c.i.u.g.PublishedGradleVersions - Gradle version information cache is up-to-date. Trying to read.
2025-01-27 21:05:58,872 [Worker-5: Building] INFO  o.e.m.c.i.l.LifecycleMappingFactory - Using org.eclipse.m2e.jdt.JarLifecycleMapping lifecycle mapping for MavenProject: HybrideFramework_Jan2025:HybrideFramework_Jan2025:0.0.1-SNAPSHOT @ C:\Users\Siva\eclipse-workspace\JalaProject_jan2025_batch_7.20pm\pom.xml.
2025-01-27 21:05:59,468 [Worker-5: Building] WARN  o.a.m.s.f.DefaultMavenResourcesFiltering - Using platform encoding (UTF-8 actually) to copy filtered resources, i.e. build is platform dependent!
2025-01-27 21:05:59,470 [Worker-5: Building] INFO  o.a.m.s.f.DefaultMavenResourcesFiltering - skip non existing resourceDirectory C:\Users\Siva\eclipse-workspace\JalaProject_jan2025_batch_7.20pm\src\main\resources
2025-01-27 21:05:59,476 [Worker-5: Building] WARN  o.a.m.s.f.DefaultMavenResourcesFiltering - Using platform encoding (UTF-8 actually) to copy filtered resources, i.e. build is platform dependent!
2025-01-27 21:05:59,477 [Worker-5: Building] INFO  o.a.m.s.f.DefaultMavenResourcesFiltering - skip non existing resourceDirectory C:\Users\Siva\eclipse-workspace\JalaProject_jan2025_batch_7.20pm\src\test\resources
2025-01-27 21:06:01,802 [Worker-13: Building] INFO  o.e.m.c.i.l.LifecycleMappingFactory - Using org.eclipse.m2e.jdt.JarLifecycleMapping lifecycle mapping for MavenProject: HybrideFramework_Jan2025:HybrideFramework_Jan2025:0.0.1-SNAPSHOT @ C:\Users\Siva\eclipse-workspace\JalaProject_jan2025_batch_7.20pm\pom.xml.
2025-01-27 21:06:02,778 [Worker-13: Building] WARN  o.a.m.s.f.DefaultMavenResourcesFiltering - Using platform encoding (UTF-8 actually) to copy filtered resources, i.e. build is platform dependent!
2025-01-27 21:06:02,779 [Worker-13: Building] INFO  o.a.m.s.f.DefaultMavenResourcesFiltering - skip non existing resourceDirectory C:\Users\Siva\eclipse-workspace\JalaProject_jan2025_batch_7.20pm\src\main\resources
2025-01-27 21:06:02,784 [Worker-13: Building] WARN  o.a.m.s.f.DefaultMavenResourcesFiltering - Using platform encoding (UTF-8 actually) to copy filtered resources, i.e. build is platform dependent!
2025-01-27 21:06:02,785 [Worker-13: Building] INFO  o.a.m.s.f.DefaultMavenResourcesFiltering - skip non existing resourceDirectory C:\Users\Siva\eclipse-workspace\JalaProject_jan2025_batch_7.20pm\src\test\resources
